src/App.tsx(3,10): error TS2305: Module '"./api/gameApi"' has no exported member 'gameApi'.
src/App.tsx(10,32): error TS2307: Cannot find module 'sonner' or its corresponding type declarations.
src/App.tsx(123,18): error TS2339: Property 'status' does not exist on type 'GameState'.
src/App.tsx(124,45): error TS2322: Type '{ onStart: () => Promise<void>; isLoading: boolean; }' is not assignable to type 'IntrinsicAttributes & MainMenuProps'.
  Property 'isLoading' does not exist on type 'IntrinsicAttributes & MainMenuProps'.
src/App.tsx(127,18): error TS2339: Property 'status' does not exist on type 'GameState'.
src/App.tsx(128,24): error TS2322: Type '{ state: GameState; onRestart: () => Promise<void>; }' is not assignable to type 'IntrinsicAttributes & VictoryScreenProps'.
  Property 'state' does not exist on type 'IntrinsicAttributes & VictoryScreenProps'.
src/App.tsx(131,18): error TS2339: Property 'status' does not exist on type 'GameState'.
src/App.tsx(132,25): error TS2322: Type '{ state: GameState; onRetry: () => Promise<void>; }' is not assignable to type 'IntrinsicAttributes & GameOverProps'.
  Property 'state' does not exist on type 'IntrinsicAttributes & GameOverProps'.
src/App.tsx(135,18): error TS2339: Property 'status' does not exist on type 'GameState'.
